[INFO] Scanning for projects...
[INFO] 
[INFO] -----------------< com.soprint:seguimiento-mensajeros >-----------------
[INFO] Building seguimiento-mensajeros 0.0.1-SNAPSHOT
[INFO]   from pom.xml
[INFO] --------------------------------[ jar ]---------------------------------
[INFO] 
[INFO] --- resources:3.3.1:resources (default-resources) @ seguimiento-mensajeros ---
[INFO] Copying 2 resources from src\main\resources to target\classes
[INFO] Copying 0 resource from src\main\resources to target\classes
[INFO] 
[INFO] --- compiler:3.14.1:compile (default-compile) @ seguimiento-mensajeros ---
[INFO] Recompiling the module because of changed source code.
[INFO] Compiling 57 source files with javac [debug parameters release 17] to target\classes
[INFO] /D:/SoprintProjects/SGR/seguimiento-mensajeros/seguimiento-mensajeros/src/main/java/com/soprint/seguimiento_mensajeros/security/JwtAuthenticationFilter.java: D:\SoprintProjects\SGR\seguimiento-mensajeros\seguimiento-mensajeros\src\main\java\com\soprint\seguimiento_mensajeros\security\JwtAuthenticationFilter.java uses or overrides a deprecated API.
[INFO] /D:/SoprintProjects/SGR/seguimiento-mensajeros/seguimiento-mensajeros/src/main/java/com/soprint/seguimiento_mensajeros/security/JwtAuthenticationFilter.java: Recompile with -Xlint:deprecation for details.
[INFO] ------------------------------------------------------------------------
[INFO] BUILD SUCCESS
[INFO] ------------------------------------------------------------------------
[INFO] Total time:  18.479 s
[INFO] Finished at: 2025-12-10T15:17:08-05:00
[INFO] ------------------------------------------------------------------------
